// Jest Snapshot v1, https://goo.gl/fbAQLP

exports[`matches snapshot 1`] = `
<nav
  className="navbar"
  data-testid="navbar"
>
  <div
    className="nav-links nav-home"
    onClick={[Function]}
  >
    <span
      aria-label="close"
      className="anticon anticon-close"
      role="img"
    >
      <svg
        aria-hidden="true"
        data-icon="close"
        fill="currentColor"
        focusable="false"
        height="1em"
        viewBox="64 64 896 896"
        width="1em"
      >
        <path
          d="M563.8 512l262.5-312.9c4.4-5.2.7-13.1-6.1-13.1h-79.8c-4.7 0-9.2 2.1-12.3 5.7L511.6 449.8 295.1 191.7c-3-3.6-7.5-5.7-12.3-5.7H203c-6.8 0-10.5 7.9-6.1 13.1L459.4 512 196.9 824.9A7.95 7.95 0 00203 838h79.8c4.7 0 9.2-2.1 12.3-5.7l216.5-258.1 216.5 258.1c3 3.6 7.5 5.7 12.3 5.7h79.8c6.8 0 10.5-7.9 6.1-13.1L563.8 512z"
        />
      </svg>
    </span>
  </div>
  <div
    className="navbar-container"
  >
    <div
      className="menu-icon"
      onClick={[Function]}
    >
      <i
        className="fas fa-bars"
      />
    </div>
    <ul
      className="nav-menu"
    >
      <li />
      <li
        className="nav-item"
      >
        <div
          className="nav-links"
        >
          <span
            aria-label="backward"
            className="anticon anticon-backward"
            role="img"
          >
            <svg
              aria-hidden="true"
              data-icon="backward"
              fill="currentColor"
              focusable="false"
              height="1em"
              viewBox="0 0 1024 1024"
              width="1em"
            >
              <path
                d="M485.6 249.9L198.2 498c-8.3 7.1-8.3 20.8 0 27.9l287.4 248.2c10.7 9.2 26.4.9 26.4-14V263.8c0-14.8-15.7-23.2-26.4-13.9zm320 0L518.2 498a18.6 18.6 0 00-6.2 14c0 5.2 2.1 10.4 6.2 14l287.4 248.2c10.7 9.2 26.4.9 26.4-14V263.8c0-14.8-15.7-23.2-26.4-13.9z"
              />
            </svg>
          </span>
        </div>
      </li>
      <li
        className="nav-item"
      >
        <div
          className="nav-links"
        >
          <span
            aria-label="forward"
            className="anticon anticon-forward"
            role="img"
          >
            <svg
              aria-hidden="true"
              data-icon="forward"
              fill="currentColor"
              focusable="false"
              height="1em"
              viewBox="0 0 1024 1024"
              width="1em"
            >
              <path
                d="M825.8 498L538.4 249.9c-10.7-9.2-26.4-.9-26.4 14v496.3c0 14.9 15.7 23.2 26.4 14L825.8 526c8.3-7.2 8.3-20.8 0-28zm-320 0L218.4 249.9c-10.7-9.2-26.4-.9-26.4 14v496.3c0 14.9 15.7 23.2 26.4 14L505.8 526c4.1-3.6 6.2-8.8 6.2-14 0-5.2-2.1-10.4-6.2-14z"
              />
            </svg>
          </span>
        </div>
      </li>
      <li
        className="nav-item"
      >
        <div
          className="nav-links"
          onClick={[Function]}
          to="/"
        >
          <span
            aria-label="home"
            className="anticon anticon-home"
            role="img"
          >
            <svg
              aria-hidden="true"
              data-icon="home"
              fill="currentColor"
              focusable="false"
              height="1em"
              viewBox="64 64 896 896"
              width="1em"
            >
              <path
                d="M946.5 505L560.1 118.8l-25.9-25.9a31.5 31.5 0 00-44.4 0L77.5 505a63.9 63.9 0 00-18.8 46c.4 35.2 29.7 63.3 64.9 63.3h42.5V940h691.8V614.3h43.4c17.1 0 33.2-6.7 45.3-18.8a63.6 63.6 0 0018.7-45.3c0-17-6.7-33.1-18.8-45.2zM568 868H456V664h112v204zm217.9-325.7V868H632V640c0-22.1-17.9-40-40-40H432c-22.1 0-40 17.9-40 40v228H238.1V542.3h-96l370-369.7 23.1 23.1L882 542.3h-96.1z"
              />
            </svg>
          </span>
        </div>
      </li>
    </ul>
  </div>
  <form
    className="search-bar"
    onSubmit={[Function]}
  >
    <input
      placeholder="search here"
      type="text"
    />
    <button>
      search
    </button>
  </form>
</nav>
`;
